[INFO][SharpEmu.CLI] Program.cs:267 SharpEmu UNOFFICIAL — https://github.com/sharpemu/sharpemu

Local build (not produced by CI).
[INFO][SharpEmu.CLI] Program.cs:268 Host hardware: CPU: AMD Ryzen 7 260 w/ Radeon 780M Graphics; GPU: NVIDIA GeForce RTX 5060 Laptop GPU; RAM: 23,868 MB (23.3 GB).
[INFO][Aerolib] Aerolib.cs:150 Loaded 154458 NID entries from binary resource
[LOADER] Loading param.json at C:\Users\chayt\Downloads\PSX/sce_sys/param.json
[LOADER] Title: Zombie Cure Lab, TitleId: PPSA22623, Version: 01.000.004
Total image size needed: 0x208BC50 (34126928 bytes)
[LOADER] TryLoadTableBytes: trying location=0x208B140, size=0xB10, imageBase=0x800000000
[LOADER] Dynamic Info: StrTab=0x1F5DC70, StrTabSize=0x2B7D
[LOADER] Dynamic Info: SymTab=0x1F607F0, SymTabSize=0x3960
[LOADER] Dynamic Info: Rela=0x1F679F0, RelaSize=0x122400
[LOADER] Dynamic Info: JmpRel=0x1F64150, JmpRelSize=0x38A0
[LOADER] Dynamic Info: PltGot=0x1C65EF0
[LOADER] TLS module id: 1
[LOADER] HasImportMetadata: True
[LOADER] TryLoadTableBytes: trying location=0x1F679F0, size=0x122400, imageBase=0x800000000
[LOADER] TryLoadTableBytes: trying location=0x1F64150, size=0x38A0, imageBase=0x800000000
[LOADER] ImageBase runtime: 0x0000000800000000
[LOADER] Processing 50140 relocations...
[LOADER] TryLoadTableBytes: trying location=0x1F5DC70, size=0x2B7D, imageBase=0x800000000
[LOADER] TryLoadTableBytes: trying location=0x1F607F0, size=0x3960, imageBase=0x800000000
[LOADER] Found 609 unique NIDs, 50140 descriptors
[LOADER] Created 609 import stubs
[LOADER] TryLoadTableBytes: trying location=0x208B140, size=0xB10, imageBase=0x800000000
[LOADER] TryLoadTableBytes: trying location=0x1F5DC70, size=0x2B7D, imageBase=0x800000000
[LOADER] TryLoadTableBytes: trying location=0x1F607F0, size=0x3960, imageBase=0x800000000
[LOADER] TryLoadTableBytes: trying location=0x208B140, size=0xB10, imageBase=0x800000000
[LOADER] ELF e_entry: 0x0000000000000070
[LOADER] Generation: Gen5 (PS5)
[LOADER] Using image base: 0x0000000800000000
[LOADER] Final entry point: 0x0000000800000070
[LOADER] ProcParam: 0x0000000801C67CE0
[LOADER] PH[0]: type=Load, vaddr=0x0000000000000000 -> 0x0000000800000000, memsz=0x189BA8C
[LOADER] PH[1]: type=Load, vaddr=0x000000000189C000 -> 0x000000080189C000, memsz=0x32CC28
[LOADER] PH[2]: type=GnuEhFrame, vaddr=0x000000000189C000 -> 0x000000080189C000, memsz=0x483EC
Total image size needed: 0x1D2938 (1911096 bytes)
[LOADER] TryLoadTableBytes: trying location=0x1D2688, size=0x2B0, imageBase=0x804000000
[LOADER] Dynamic Info: StrTab=0x19D000, StrTabSize=0xBEC3
[LOADER] Dynamic Info: SymTab=0x1A8EC8, SymTabSize=0x11CE8
[LOADER] Dynamic Info: Rela=0x1BB678, RelaSize=0x110E8
[LOADER] Dynamic Info: JmpRel=0x1BABB0, JmpRelSize=0xAC8
[LOADER] Dynamic Info: PltGot=0x192260
[LOADER] TLS module id: 2
[LOADER] HasImportMetadata: True
[LOADER] TryLoadTableBytes: trying location=0x1BB678, size=0x110E8, imageBase=0x804000000
[LOADER] TryLoadTableBytes: trying location=0x1BABB0, size=0xAC8, imageBase=0x804000000
[LOADER] ImageBase runtime: 0x0000000804000000
[LOADER] Processing 3026 relocations...
[LOADER] TryLoadTableBytes: trying location=0x19D000, size=0xBEC3, imageBase=0x804000000
[LOADER] TryLoadTableBytes: trying location=0x1A8EC8, size=0x11CE8, imageBase=0x804000000
[LOADER] Found 117 unique NIDs, 3026 descriptors
[LOADER] Created 117 import stubs
[LOADER] TryLoadTableBytes: trying location=0x1D2688, size=0x2B0, imageBase=0x804000000
[LOADER] TryLoadTableBytes: trying location=0x19D000, size=0xBEC3, imageBase=0x804000000
[LOADER] TryLoadTableBytes: trying location=0x1A8EC8, size=0x11CE8, imageBase=0x804000000
[LOADER] TryLoadTableBytes: trying location=0x1D2688, size=0x2B0, imageBase=0x804000000
[LOADER] TryLoadTableBytes: trying location=0x192808, size=0x8, imageBase=0x804000000
[LOADER] ELF e_entry: 0x0000000000000000
[LOADER] Generation: Gen5 (PS5)
[LOADER] Using image base: 0x0000000804000000
[LOADER] Final entry point: 0x0000000804000000
[LOADER] PH[0]: type=Load, vaddr=0x0000000000000000 -> 0x0000000804000000, memsz=0x115BF0
[LOADER] PH[1]: type=Load, vaddr=0x0000000000118000 -> 0x0000000804118000, memsz=0x73410
[LOADER] PH[2]: type=GnuEhFrame, vaddr=0x0000000000118000 -> 0x0000000804118000, memsz=0x9BEC
Total image size needed: 0x782120 (7872800 bytes)
[LOADER] TryLoadTableBytes: trying location=0x781DE0, size=0x340, imageBase=0x8043D3000
[LOADER] Dynamic Info: StrTab=0x585880, StrTabSize=0xA7BA6
[LOADER] Dynamic Info: SymTab=0x62D428, SymTabSize=0xFB7F0
[LOADER] Dynamic Info: Rela=0x7294B8, RelaSize=0x4BA8
[LOADER] Dynamic Info: JmpRel=0x728C18, JmpRelSize=0x8A0
[LOADER] Dynamic Info: PltGot=0x5820A8
[LOADER] TLS module id: 0
[LOADER] HasImportMetadata: True
[LOADER] TryLoadTableBytes: trying location=0x7294B8, size=0x4BA8, imageBase=0x8043D3000
[LOADER] TryLoadTableBytes: trying location=0x728C18, size=0x8A0, imageBase=0x8043D3000
[LOADER] ImageBase runtime: 0x00000008043D3000
[LOADER] Processing 899 relocations...
[LOADER] TryLoadTableBytes: trying location=0x585880, size=0xA7BA6, imageBase=0x8043D3000
[LOADER] TryLoadTableBytes: trying location=0x62D428, size=0xFB7F0, imageBase=0x8043D3000
[LOADER] Found 95 unique NIDs, 899 descriptors
[LOADER] Created 95 import stubs
[LOADER] TryLoadTableBytes: trying location=0x781DE0, size=0x340, imageBase=0x8043D3000
[LOADER] TryLoadTableBytes: trying location=0x585880, size=0xA7BA6, imageBase=0x8043D3000
[LOADER] TryLoadTableBytes: trying location=0x62D428, size=0xFB7F0, imageBase=0x8043D3000
[LOADER] TryLoadTableBytes: trying location=0x781DE0, size=0x340, imageBase=0x8043D3000
[LOADER] ELF e_entry: 0x0000000000000000
[LOADER] Generation: Gen5 (PS5)
[LOADER] Using image base: 0x00000008043D3000
[LOADER] Final entry point: 0x00000008043D3000
[LOADER] PH[0]: type=Load, vaddr=0x0000000000000000 -> 0x00000008043D3000, memsz=0x3F3240
[LOADER] PH[1]: type=Load, vaddr=0x00000000003F4000 -> 0x00000008047C7000, memsz=0x189C8C
[LOADER] PH[2]: type=GnuEhFrame, vaddr=0x00000000003F4000 -> 0x00000008047C7000, memsz=0x54BE4
Total image size needed: 0x58CA4F0 (93103344 bytes)
[LOADER] TryLoadTableBytes: trying location=0x58CA0D0, size=0x420, imageBase=0x804D56000
[LOADER] Dynamic Info: StrTab=0x4DAD8E0, StrTabSize=0x2E54
[LOADER] Dynamic Info: SymTab=0x4DB0738, SymTabSize=0x4308
[LOADER] Dynamic Info: Rela=0x4DB6390, RelaSize=0xB126B8
[LOADER] Dynamic Info: JmpRel=0x4DB4A40, JmpRelSize=0x1950
[LOADER] Dynamic Info: PltGot=0x484E388
[LOADER] TLS module id: 3
[LOADER] HasImportMetadata: True
[LOADER] TryLoadTableBytes: trying location=0x4DB6390, size=0xB126B8, imageBase=0x804D56000
[LOADER] TryLoadTableBytes: trying location=0x4DB4A40, size=0x1950, imageBase=0x804D56000
[LOADER] ImageBase runtime: 0x0000000804D56000
[LOADER] Processing 484011 relocations...
[LOADER] TryLoadTableBytes: trying location=0x4DAD8E0, size=0x2E54, imageBase=0x804D56000
[LOADER] TryLoadTableBytes: trying location=0x4DB0738, size=0x4308, imageBase=0x804D56000
[LOADER] Found 294 unique NIDs, 484011 descriptors
[LOADER] Created 294 import stubs
[LOADER] TryLoadTableBytes: trying location=0x58CA0D0, size=0x420, imageBase=0x804D56000
[LOADER] TryLoadTableBytes: trying location=0x4DAD8E0, size=0x2E54, imageBase=0x804D56000
[LOADER] TryLoadTableBytes: trying location=0x4DB0738, size=0x4308, imageBase=0x804D56000
[LOADER] TryLoadTableBytes: trying location=0x58CA0D0, size=0x420, imageBase=0x804D56000
[LOADER] ELF e_entry: 0x0000000000000000
[LOADER] Generation: Gen5 (PS5)
[LOADER] Using image base: 0x0000000804D56000
[LOADER] Final entry point: 0x0000000804D56000
[LOADER] PH[0]: type=Load, vaddr=0x0000000000000000 -> 0x0000000804D56000, memsz=0x35BAFB1
[LOADER] PH[1]: type=Load, vaddr=0x00000000035BC000 -> 0x0000000808312000, memsz=0x1002C18
[LOADER] PH[2]: type=GnuEhFrame, vaddr=0x00000000035BC000 -> 0x0000000808312000, memsz=0x1D18EC
Total image size needed: 0xC818 (51224 bytes)
[LOADER] TryLoadTableBytes: trying location=0xC598, size=0x280, imageBase=0x80A821000
[LOADER] Dynamic Info: StrTab=0xC030, StrTabSize=0x1BB
[LOADER] Dynamic Info: SymTab=0xC1F0, SymTabSize=0x1B0
[LOADER] Dynamic Info: Rela=0xC478, RelaSize=0x60
[LOADER] Dynamic Info: JmpRel=0xC3A0, JmpRelSize=0xD8
[LOADER] Dynamic Info: PltGot=0x8020
[LOADER] TLS module id: 0
[LOADER] HasImportMetadata: True
[LOADER] TryLoadTableBytes: trying location=0xC478, size=0x60, imageBase=0x80A821000
[LOADER] TryLoadTableBytes: trying location=0xC3A0, size=0xD8, imageBase=0x80A821000
[LOADER] ImageBase runtime: 0x000000080A821000
[LOADER] Processing 13 relocations...
[LOADER] TryLoadTableBytes: trying location=0xC030, size=0x1BB, imageBase=0x80A821000
[LOADER] TryLoadTableBytes: trying location=0xC1F0, size=0x1B0, imageBase=0x80A821000
[LOADER] Found 10 unique NIDs, 13 descriptors
[LOADER] Created 10 import stubs
[LOADER] TryLoadTableBytes: trying location=0xC598, size=0x280, imageBase=0x80A821000
[LOADER] TryLoadTableBytes: trying location=0xC030, size=0x1BB, imageBase=0x80A821000
[LOADER] TryLoadTableBytes: trying location=0xC1F0, size=0x1B0, imageBase=0x80A821000
[LOADER] TryLoadTableBytes: trying location=0xC598, size=0x280, imageBase=0x80A821000
[LOADER] ELF e_entry: 0x0000000000000000
[LOADER] Generation: Gen5 (PS5)
[LOADER] Using image base: 0x000000080A821000
[LOADER] Final entry point: 0x000000080A821000
[LOADER] PH[0]: type=Load, vaddr=0x0000000000000000 -> 0x000000080A821000, memsz=0x4000
[LOADER] PH[1]: type=Load, vaddr=0x0000000000004000 -> 0x000000080A825000, memsz=0x205
[LOADER] PH[2]: type=GnuEhFrame, vaddr=0x0000000000004000 -> 0x000000080A825000, memsz=0x64
Total image size needed: 0x1E7658 (1996376 bytes)
[LOADER] TryLoadTableBytes: trying location=0x1E7258, size=0x400, imageBase=0x80AA2E000
[LOADER] Dynamic Info: StrTab=0x1CCA50, StrTabSize=0x504C
[LOADER] Dynamic Info: SymTab=0x1D1AA0, SymTabSize=0x7638
[LOADER] Dynamic Info: Rela=0x1D9E58, RelaSize=0xAC68
[LOADER] Dynamic Info: JmpRel=0x1D90D8, JmpRelSize=0xD80
[LOADER] Dynamic Info: PltGot=0x17F5C8
[LOADER] TLS module id: 0
[LOADER] HasImportMetadata: True
[LOADER] TryLoadTableBytes: trying location=0x1D9E58, size=0xAC68, imageBase=0x80AA2E000
[LOADER] TryLoadTableBytes: trying location=0x1D90D8, size=0xD80, imageBase=0x80AA2E000
[LOADER] ImageBase runtime: 0x000000080AA2E000
[LOADER] Processing 1983 relocations...
[LOADER] TryLoadTableBytes: trying location=0x1CCA50, size=0x504C, imageBase=0x80AA2E000
[LOADER] TryLoadTableBytes: trying location=0x1D1AA0, size=0x7638, imageBase=0x80AA2E000
[LOADER] Found 148 unique NIDs, 1983 descriptors
[LOADER] Created 148 import stubs
[LOADER] TryLoadTableBytes: trying location=0x1E7258, size=0x400, imageBase=0x80AA2E000
[LOADER] TryLoadTableBytes: trying location=0x1CCA50, size=0x504C, imageBase=0x80AA2E000
[LOADER] TryLoadTableBytes: trying location=0x1D1AA0, size=0x7638, imageBase=0x80AA2E000
[LOADER] TryLoadTableBytes: trying location=0x1E7258, size=0x400, imageBase=0x80AA2E000
[LOADER] ELF e_entry: 0x0000000000000000
[LOADER] Generation: Gen5 (PS5)
[LOADER] Using image base: 0x000000080AA2E000
[LOADER] Final entry point: 0x000000080AA2E000
[LOADER] PH[0]: type=Load, vaddr=0x0000000000000000 -> 0x000000080AA2E000, memsz=0x12A080
[LOADER] PH[1]: type=Load, vaddr=0x000000000012C000 -> 0x000000080AB5A000, memsz=0x4E420
[LOADER] PH[2]: type=GnuEhFrame, vaddr=0x000000000012C000 -> 0x000000080AB5A000, memsz=0x6EFC
Total image size needed: 0x17F490 (1569936 bytes)
[LOADER] TryLoadTableBytes: trying location=0x17F210, size=0x280, imageBase=0x80AE16000
[LOADER] Dynamic Info: StrTab=0x165220, StrTabSize=0x2553
[LOADER] Dynamic Info: SymTab=0x167778, SymTabSize=0x36F0
[LOADER] Dynamic Info: Rela=0x16BFC0, RelaSize=0x11FD0
[LOADER] Dynamic Info: JmpRel=0x16AE68, JmpRelSize=0x1158
[LOADER] Dynamic Info: PltGot=0x163160
[LOADER] TLS module id: 0
[LOADER] HasImportMetadata: True
[LOADER] TryLoadTableBytes: trying location=0x16BFC0, size=0x11FD0, imageBase=0x80AE16000
[LOADER] TryLoadTableBytes: trying location=0x16AE68, size=0x1158, imageBase=0x80AE16000
[LOADER] ImageBase runtime: 0x000000080AE16000
[LOADER] Processing 3255 relocations...
[LOADER] TryLoadTableBytes: trying location=0x165220, size=0x2553, imageBase=0x80AE16000
[LOADER] TryLoadTableBytes: trying location=0x167778, size=0x36F0, imageBase=0x80AE16000
[LOADER] Found 188 unique NIDs, 3255 descriptors
[LOADER] Created 188 import stubs
[LOADER] TryLoadTableBytes: trying location=0x17F210, size=0x280, imageBase=0x80AE16000
[LOADER] TryLoadTableBytes: trying location=0x165220, size=0x2553, imageBase=0x80AE16000
[LOADER] TryLoadTableBytes: trying location=0x167778, size=0x36F0, imageBase=0x80AE16000
[LOADER] TryLoadTableBytes: trying location=0x17F210, size=0x280, imageBase=0x80AE16000
[LOADER] ELF e_entry: 0x0000000000000000
[LOADER] Generation: Gen5 (PS5)
[LOADER] Using image base: 0x000000080AE16000
[LOADER] Final entry point: 0x000000080AE16000
[LOADER] PH[0]: type=Load, vaddr=0x0000000000000000 -> 0x000000080AE16000, memsz=0x11E790
[LOADER] PH[1]: type=Load, vaddr=0x0000000000120000 -> 0x000000080AF36000, memsz=0x3882C
[LOADER] PH[2]: type=GnuEhFrame, vaddr=0x0000000000120000 -> 0x000000080AF36000, memsz=0x96AC
Total image size needed: 0x9A5D8 (632280 bytes)
[LOADER] TryLoadTableBytes: trying location=0x9A398, size=0x240, imageBase=0x80B196000
[LOADER] Dynamic Info: StrTab=0x94B90, StrTabSize=0x6C1
[LOADER] Dynamic Info: SymTab=0x95258, SymTabSize=0x930
[LOADER] Dynamic Info: Rela=0x962F0, RelaSize=0x3D68
[LOADER] Dynamic Info: JmpRel=0x95B88, JmpRelSize=0x768
[LOADER] Dynamic Info: PltGot=0x91988
[LOADER] TLS module id: 0
[LOADER] HasImportMetadata: True
[LOADER] TryLoadTableBytes: trying location=0x962F0, size=0x3D68, imageBase=0x80B196000
[LOADER] TryLoadTableBytes: trying location=0x95B88, size=0x768, imageBase=0x80B196000
[LOADER] ImageBase runtime: 0x000000080B196000
[LOADER] Processing 734 relocations...
[LOADER] TryLoadTableBytes: trying location=0x94B90, size=0x6C1, imageBase=0x80B196000
[LOADER] TryLoadTableBytes: trying location=0x95258, size=0x930, imageBase=0x80B196000
[LOADER] Found 93 unique NIDs, 734 descriptors
[LOADER] Created 93 import stubs
[LOADER] TryLoadTableBytes: trying location=0x9A398, size=0x240, imageBase=0x80B196000
[LOADER] TryLoadTableBytes: trying location=0x94B90, size=0x6C1, imageBase=0x80B196000
[LOADER] TryLoadTableBytes: trying location=0x95258, size=0x930, imageBase=0x80B196000
[LOADER] TryLoadTableBytes: trying location=0x9A398, size=0x240, imageBase=0x80B196000
[LOADER] ELF e_entry: 0x0000000000000000
[LOADER] Generation: Gen5 (PS5)
[LOADER] Using image base: 0x000000080B196000
[LOADER] Final entry point: 0x000000080B196000
[LOADER] PH[0]: type=Load, vaddr=0x0000000000000000 -> 0x000000080B196000, memsz=0x63590
[LOADER] PH[1]: type=Load, vaddr=0x0000000000064000 -> 0x000000080B1FA000, memsz=0x299A4
[LOADER] PH[2]: type=GnuEhFrame, vaddr=0x0000000000064000 -> 0x000000080B1FA000, memsz=0x230C
Total image size needed: 0xC9F8 (51704 bytes)
[LOADER] TryLoadTableBytes: trying location=0xC7B8, size=0x240, imageBase=0x80B431000
[LOADER] Dynamic Info: StrTab=0xC150, StrTabSize=0x24A
[LOADER] Dynamic Info: SymTab=0xC3A0, SymTabSize=0x270
[LOADER] Dynamic Info: Rela=0xC640, RelaSize=0x78
[LOADER] Dynamic Info: JmpRel=0xC610, JmpRelSize=0x30
[LOADER] Dynamic Info: PltGot=0x8028
[LOADER] TLS module id: 0
[LOADER] HasImportMetadata: True
[LOADER] TryLoadTableBytes: trying location=0xC640, size=0x78, imageBase=0x80B431000
[LOADER] TryLoadTableBytes: trying location=0xC610, size=0x30, imageBase=0x80B431000
[LOADER] ImageBase runtime: 0x000000080B431000
[LOADER] Processing 7 relocations...
[LOADER] TryLoadTableBytes: trying location=0xC150, size=0x24A, imageBase=0x80B431000
[LOADER] TryLoadTableBytes: trying location=0xC3A0, size=0x270, imageBase=0x80B431000
[LOADER] Found 4 unique NIDs, 7 descriptors
[LOADER] Created 4 import stubs
[LOADER] TryLoadTableBytes: trying location=0xC7B8, size=0x240, imageBase=0x80B431000
[LOADER] TryLoadTableBytes: trying location=0xC150, size=0x24A, imageBase=0x80B431000
[LOADER] TryLoadTableBytes: trying location=0xC3A0, size=0x270, imageBase=0x80B431000
[LOADER] TryLoadTableBytes: trying location=0xC7B8, size=0x240, imageBase=0x80B431000
[LOADER] ELF e_entry: 0x0000000000000000
[LOADER] Generation: Gen5 (PS5)
[LOADER] Using image base: 0x000000080B431000
[LOADER] Final entry point: 0x000000080B431000
[LOADER] PH[0]: type=Load, vaddr=0x0000000000000000 -> 0x000000080B431000, memsz=0x6E0
[LOADER] PH[1]: type=Load, vaddr=0x0000000000004000 -> 0x000000080B435000, memsz=0x14C
[LOADER] PH[2]: type=GnuEhFrame, vaddr=0x0000000000004000 -> 0x000000080B435000, memsz=0x3C
Total image size needed: 0x7C910 (510224 bytes)
[LOADER] TryLoadTableBytes: trying location=0x7C190, size=0x780, imageBase=0x80B63E000
[LOADER] Dynamic Info: StrTab=0x50380, StrTabSize=0x9CB9
[LOADER] Dynamic Info: SymTab=0x5A040, SymTabSize=0xE568
[LOADER] Dynamic Info: Rela=0x76A20, RelaSize=0xAC8
[LOADER] Dynamic Info: JmpRel=0x685A8, JmpRelSize=0xE478
[LOADER] Dynamic Info: PltGot=0x483E0
[LOADER] TLS module id: 0
[LOADER] HasImportMetadata: True
[LOADER] TryLoadTableBytes: trying location=0x76A20, size=0xAC8, imageBase=0x80B63E000
[LOADER] TryLoadTableBytes: trying location=0x685A8, size=0xE478, imageBase=0x80B63E000
[LOADER] ImageBase runtime: 0x000000080B63E000
[LOADER] Processing 2552 relocations...
[LOADER] TryLoadTableBytes: trying location=0x50380, size=0x9CB9, imageBase=0x80B63E000
[LOADER] TryLoadTableBytes: trying location=0x5A040, size=0xE568, imageBase=0x80B63E000
[LOADER] Found 2439 unique NIDs, 2552 descriptors
[LOADER] Created 2439 import stubs
[LOADER] TryLoadTableBytes: trying location=0x7C190, size=0x780, imageBase=0x80B63E000
[LOADER] TryLoadTableBytes: trying location=0x50380, size=0x9CB9, imageBase=0x80B63E000
[LOADER] TryLoadTableBytes: trying location=0x5A040, size=0xE568, imageBase=0x80B63E000
[LOADER] TryLoadTableBytes: trying location=0x7C190, size=0x780, imageBase=0x80B63E000
[LOADER] ELF e_entry: 0x0000000000000000
[LOADER] Generation: Gen5 (PS5)
[LOADER] Using image base: 0x000000080B63E000
[LOADER] Final entry point: 0x000000080B63E000
[LOADER] PH[0]: type=Load, vaddr=0x0000000000000000 -> 0x000000080B63E000, memsz=0x3B000
[LOADER] PH[1]: type=Load, vaddr=0x000000000003C000 -> 0x000000080B67A000, memsz=0x8510
[LOADER] PH[2]: type=GnuEhFrame, vaddr=0x000000000003C000 -> 0x000000080B67A000, memsz=0x133C
Total image size needed: 0x2C01C8 (2884040 bytes)
[LOADER] TryLoadTableBytes: trying location=0x2BFE48, size=0x380, imageBase=0x80B8BB000
[LOADER] Dynamic Info: StrTab=0x2BE750, StrTabSize=0x6A3
[LOADER] Dynamic Info: SymTab=0x2BEDF8, SymTabSize=0x7E0
[LOADER] Dynamic Info: Rela=0x2BFAD0, RelaSize=0xA8
[LOADER] Dynamic Info: JmpRel=0x2BF5D8, JmpRelSize=0x4F8
[LOADER] Dynamic Info: PltGot=0x8028
[LOADER] TLS module id: 0
[LOADER] HasImportMetadata: True
[LOADER] TryLoadTableBytes: trying location=0x2BFAD0, size=0xA8, imageBase=0x80B8BB000
[LOADER] TryLoadTableBytes: trying location=0x2BF5D8, size=0x4F8, imageBase=0x80B8BB000
[LOADER] ImageBase runtime: 0x000000080B8BB000
[LOADER] Processing 60 relocations...
[LOADER] TryLoadTableBytes: trying location=0x2BE750, size=0x6A3, imageBase=0x80B8BB000
[LOADER] TryLoadTableBytes: trying location=0x2BEDF8, size=0x7E0, imageBase=0x80B8BB000
[LOADER] Found 55 unique NIDs, 60 descriptors
[LOADER] Created 55 import stubs
[LOADER] TryLoadTableBytes: trying location=0x2BFE48, size=0x380, imageBase=0x80B8BB000
[LOADER] TryLoadTableBytes: trying location=0x2BE750, size=0x6A3, imageBase=0x80B8BB000
[LOADER] TryLoadTableBytes: trying location=0x2BEDF8, size=0x7E0, imageBase=0x80B8BB000
[LOADER] TryLoadTableBytes: trying location=0x2BFE48, size=0x380, imageBase=0x80B8BB000
[LOADER] ELF e_entry: 0x0000000000000000
[LOADER] Generation: Gen5 (PS5)
[LOADER] Using image base: 0x000000080B8BB000
[LOADER] Final entry point: 0x000000080B8BB000
[LOADER] PH[0]: type=Load, vaddr=0x0000000000000000 -> 0x000000080B8BB000, memsz=0x3D20
[LOADER] PH[1]: type=Load, vaddr=0x0000000000004000 -> 0x000000080B8BF000, memsz=0x19A5
[LOADER] PH[2]: type=GnuEhFrame, vaddr=0x0000000000004000 -> 0x000000080B8BF000, memsz=0x424
[DEBUG][PRINF] Argument Count = 1
[DEBUG][PRINF] Arg 0 = eboot.bin
********** LAUNCHER CONTROL ************************************
[DEBUG][PRINF] 	File System Root = NONE SPECIFIED
[DEBUG][PRINF] 	Launcher Path = NONE SPECIFIED
[DEBUG][PRINF] 	Launcher Arguments NONE SPECIFIED
**********/LAUNCHER CONTROL ************************************
[DEBUG][PRINF] todo: void GfxDevicePS5SharedData::CreateWorkload()
[INFO][Native] DirectExecutionBackend.Diagnostics.cs:224    Recent import calls for managed=74 guest=0x000002365D586E40 (64):
[INFO][Native] DirectExecutionBackend.Diagnostics.cs:230      #1885296 managed=2 guest=0x0000000000000000 nid=9UK1vLZQft4 ret=0x0000000800C942FA rdi=0x00000006006C3830 rsi=0x0000000606BAFD40 rdx=0x0000000000000002
[INFO][Native] DirectExecutionBackend.Diagnostics.cs:230      #1885617 managed=2 guest=0x0000000000000000 nid=9UK1vLZQft4 ret=0x00000008008E4C68 rdi=0x0000000600703808 rsi=0x0000000000000000 rdx=0x0000000606BAD110
[INFO][Native] DirectExecutionBackend.Diagnostics.cs:230      #1885636 managed=2 guest=0x0000000000000000 nid=9UK1vLZQft4 ret=0x0000000800C973DC rdi=0x00000006006C3830 rsi=0x000000000000213C rdx=0x0000000000000000
[INFO][Native] DirectExecutionBackend.Diagnostics.cs:230      #1885639 managed=2 guest=0x0000000000000000 nid=9UK1vLZQft4 ret=0x0000000800C95C03 rdi=0x00000006006C3830 rsi=0x0000000000000020 rdx=0x0000000606DC59D0
[INFO][Native] DirectExecutionBackend.Diagnostics.cs:230      #1885641 managed=2 guest=0x0000000000000000 nid=9UK1vLZQft4 ret=0x0000000800C94EE4 rdi=0x00000006006C3830 rsi=0x00007FFFF01FB5B8 rdx=0x0000000000000001
[INFO][Native] DirectExecutionBackend.Diagnostics.cs:230      #1885779 managed=2 guest=0x0000000000000000 nid=04AjkP0jO9U ret=0x000000080A821799 rdi=0x0000000603911DD0 rsi=0x0000000000000003 rdx=0x0000000000000001
[INFO][Native] DirectExecutionBackend.Diagnostics.cs:230      #1885814 managed=2 guest=0x0000000000000000 nid=ob5xAW4ln-0 ret=0x0000000800ABFC16 rdi=0x00007FFFF01FABC0 rsi=0x000000000000002E rdx=0x0000000000000060
[INFO][Native] DirectExecutionBackend.Diagnostics.cs:230      #1885995 managed=2 guest=0x0000000000000000 nid=9UK1vLZQft4 ret=0x0000000800C97865 rdi=0x00000006006C3830 rsi=0x0000000000000078 rdx=0x000000060053D320
[INFO][Native] DirectExecutionBackend.Diagnostics.cs:230      #1885997 managed=2 guest=0x0000000000000000 nid=9UK1vLZQft4 ret=0x0000000800C97927 rdi=0x00000006006C3820 rsi=0x0000000000000078 rdx=0x0000000801B733F0
[INFO][Native] DirectExecutionBackend.Diagnostics.cs:230      #1885998 managed=2 guest=0x0000000000000000 nid=9UK1vLZQft4 ret=0x0000000800C97A78 rdi=0x00000006006C3830 rsi=0x0000000000000078 rdx=0x0000000000000001
[INFO][Native] DirectExecutionBackend.Diagnostics.cs:230      #1886000 managed=2 guest=0x0000000000000000 nid=9UK1vLZQft4 ret=0x0000000800C942FA rdi=0x00000006006C3830 rsi=0x00000006007CE3B0 rdx=0x0000000000000003
[INFO][Native] DirectExecutionBackend.Diagnostics.cs:230      #1886005 managed=2 guest=0x0000000000000000 nid=9UK1vLZQft4 ret=0x00000008008E4C68 rdi=0x0000000600703808 rsi=0x0000000000000000 rdx=0x00000006007CE580
[INFO][Native] DirectExecutionBackend.Diagnostics.cs:230      #1886006 managed=2 guest=0x0000000000000000 nid=yDBwVAolDgg ret=0x000000080136CF52 rdi=0x0000000010200000 rsi=0x00007FFFF01FB458 rdx=0x00007FFFF01FB450
[INFO][Native] DirectExecutionBackend.Diagnostics.cs:230      #1886018 managed=2 guest=0x0000000000000000 nid=9UK1vLZQft4 ret=0x0000000800C973DC rdi=0x00000006006C3830 rsi=0x00000000000055C8 rdx=0x0000000000000000
[INFO][Native] DirectExecutionBackend.Diagnostics.cs:230      #1886020 managed=2 guest=0x0000000000000000 nid=9UK1vLZQft4 ret=0x0000000800C95C03 rdi=0x00000006006C3830 rsi=0x0000000000000001 rdx=0x0000000000000001
[INFO][Native] DirectExecutionBackend.Diagnostics.cs:230      #1886022 managed=2 guest=0x0000000000000000 nid=9UK1vLZQft4 ret=0x0000000800C94EE4 rdi=0x00000006006C3830 rsi=0x00007FFFF01FB608 rdx=0x0000000000000001
[INFO][Native] DirectExecutionBackend.Diagnostics.cs:230      #1886046 managed=2 guest=0x0000000000000000 nid=04AjkP0jO9U ret=0x000000080A821799 rdi=0x0000000603911DD0 rsi=0x0000000000000003 rdx=0x0000000000000001
[INFO][Native] DirectExecutionBackend.Diagnostics.cs:230      #1886063 managed=2 guest=0x0000000000000000 nid=9UK1vLZQft4 ret=0x00000008008330E8 rdi=0x00000006007862E8 rsi=0x00000006001A9F90 rdx=0x0000000000000001
[INFO][Native] DirectExecutionBackend.Diagnostics.cs:230      #1886072 managed=2 guest=0x0000000000000000 nid=K-jXhbt2gn4 ret=0x0000000805001861 rdi=0x0000000809B01CF0 rsi=0x0000000000000000 rdx=0x0000000000000001
[INFO][Native] DirectExecutionBackend.Diagnostics.cs:230      #1886074 managed=2 guest=0x0000000000000000 nid=K-jXhbt2gn4 ret=0x0000000804FFEA08 rdi=0x0000000809B01CF0 rsi=0x0000000000000000 rdx=0x00000008098D4B30
[INFO][Native] DirectExecutionBackend.Diagnostics.cs:230      #1886084 managed=2 guest=0x0000000000000000 nid=K-jXhbt2gn4 ret=0x0000000804FF7C12 rdi=0x0000000809B01CF0 rsi=0x00000001029BB360 rdx=0x0000000000000001
[INFO][Native] DirectExecutionBackend.Diagnostics.cs:230      #1886491 managed=2 guest=0x0000000000000000 nid=9UK1vLZQft4 ret=0x0000000801388716 rdi=0x0000000100000388 rsi=0x0000000000000058 rdx=0x0000000000000008
[INFO][Native] DirectExecutionBackend.Diagnostics.cs:230      #1886493 managed=2 guest=0x0000000000000000 nid=9UK1vLZQft4 ret=0x00000008013885C2 rdi=0x0000000100000388 rsi=0x00000000000000E1 rdx=0x0000000103529570
[INFO][Native] DirectExecutionBackend.Diagnostics.cs:230      #1886495 managed=2 guest=0x0000000000000000 nid=9UK1vLZQft4 ret=0x000000080138A44B rdi=0x0000000100000388 rsi=0x0000000103529520 rdx=0x0000000000000000
[INFO][Native] DirectExecutionBackend.Diagnostics.cs:230      #1886497 managed=2 guest=0x0000000000000000 nid=K-jXhbt2gn4 ret=0x00000008050019CC rdi=0x0000000809B01CF0 rsi=0x0000000000000002 rdx=0x0000000000000140
[INFO][Native] DirectExecutionBackend.Diagnostics.cs:230      #1886515 managed=2 guest=0x0000000000000000 nid=F8bUHwAG284 ret=0x000000080151326E rdi=0x00007FFFF01FB648 rsi=0x00000000000001B8 rdx=0x0000000035002807
[INFO][Native] DirectExecutionBackend.Diagnostics.cs:230      #1886516 managed=2 guest=0x0000000000000000 nid=iMp8QpE+XO4 ret=0x00000008015132A7 rdi=0x00007FFFF01FB648 rsi=0x0000000000000002 rdx=0x0000000035002807
[INFO][Native] DirectExecutionBackend.Diagnostics.cs:230      #1886517 managed=2 guest=0x0000000000000000 nid=1FGvU0i9saQ ret=0x00000008015132E0 rdi=0x00007FFFF01FB648 rsi=0x0000000000000001 rdx=0x0000000035002807
[INFO][Native] DirectExecutionBackend.Diagnostics.cs:230      #1886518 managed=2 guest=0x0000000000000000 nid=cmo1RIYva9o ret=0x00000008015134CF rdi=0x0000000606E0C040 rsi=0x00007FFFF01FB648 rdx=0x0000000000000000
[INFO][Native] DirectExecutionBackend.Diagnostics.cs:230      #1886519 managed=2 guest=0x0000000000000000 nid=smWEktiyyG0 ret=0x000000080151350A rdi=0x00007FFFF01FB648 rsi=0x00007FFFF01FB648 rdx=0x0000000000000000
[INFO][Native] DirectExecutionBackend.Diagnostics.cs:230      #1886520 managed=2 guest=0x0000000000000000 nid=F8bUHwAG284 ret=0x000000080151326E rdi=0x00007FFFF01FB648 rsi=0x00007FFFF01FB648 rdx=0x0000000000000000
[INFO][Native] DirectExecutionBackend.Diagnostics.cs:230      #1886521 managed=2 guest=0x0000000000000000 nid=iMp8QpE+XO4 ret=0x00000008015132A7 rdi=0x00007FFFF01FB648 rsi=0x0000000000000002 rdx=0x0000000000000000
[INFO][Native] DirectExecutionBackend.Diagnostics.cs:230      #1886522 managed=2 guest=0x0000000000000000 nid=1FGvU0i9saQ ret=0x00000008015132E0 rdi=0x00007FFFF01FB648 rsi=0x0000000000000001 rdx=0x0000000000000000
[INFO][Native] DirectExecutionBackend.Diagnostics.cs:230      #1886523 managed=2 guest=0x0000000000000000 nid=cmo1RIYva9o ret=0x00000008015134CF rdi=0x0000000606E0C050 rsi=0x00007FFFF01FB648 rdx=0x0000000000000000
[INFO][Native] DirectExecutionBackend.Diagnostics.cs:230      #1886524 managed=2 guest=0x0000000000000000 nid=smWEktiyyG0 ret=0x000000080151350A rdi=0x00007FFFF01FB648 rsi=0x00007FFFF01FB648 rdx=0x0000000000000000
[INFO][Native] DirectExecutionBackend.Diagnostics.cs:230      #1886525 managed=2 guest=0x0000000000000000 nid=9UK1vLZQft4 ret=0x0000000800A83A43 rdi=0x0000000606E0C040 rsi=0x0000000606E0AA00 rdx=0x00000000D193F300
[INFO][Native] DirectExecutionBackend.Diagnostics.cs:230      #1886528 managed=2 guest=0x0000000000000000 nid=9UK1vLZQft4 ret=0x0000000800A89388 rdi=0x0000000606E0C040 rsi=0x0000000000000000 rdx=0x00000055BCC1BC3D
[INFO][Native] DirectExecutionBackend.Diagnostics.cs:230      #1886530 managed=2 guest=0x0000000000000000 nid=nsYoNRywwNg ret=0x00000008013F224F rdi=0x00007FFFF01FB730 rsi=0x0000000606E0BF30 rdx=0x0000000000080000
[INFO][Native] DirectExecutionBackend.Diagnostics.cs:230      #1886531 managed=2 guest=0x0000000000000000 nid=UTXzJbWhhTE ret=0x00000008013F23D9 rdi=0x00007FFFF01FB730 rsi=0x0000000000080000 rdx=0x0000000000080000
[INFO][Native] DirectExecutionBackend.Diagnostics.cs:230      #1886532 managed=2 guest=0x0000000000000000 nid=eXbUSpEaTsA ret=0x00000008013F23E3 rdi=0x00007FFFF01FB730 rsi=0x0000000000000000 rdx=0x0000000000080000
[INFO][Native] DirectExecutionBackend.Diagnostics.cs:230      #1886533 managed=2 guest=0x0000000000000000 nid=4+h9EzwKF4I ret=0x00000008013F23F0 rdi=0x00007FFFF01FB730 rsi=0x0000000000000003 rdx=0x0000000000080000
[INFO][Native] DirectExecutionBackend.Diagnostics.cs:230      #1886534 managed=2 guest=0x0000000000000000 nid=FXPWHNk8Of0 ret=0x00000008013F244D rdi=0x00007FFFF01FB730 rsi=0x00007FFFF01FB738 rdx=0x0000000000000002
[INFO][Native] DirectExecutionBackend.Diagnostics.cs:230      #1886535 managed=2 guest=0x0000000000000000 nid=6UgtwV+0zb4 ret=0x00000008013F2487 rdi=0x0000000606E0BF40 rsi=0x00007FFFF01FB730 rdx=0x0000000800B68880
[INFO][Native] DirectExecutionBackend.Diagnostics.cs:230      #1886536 managed=2 guest=0x0000000000000000 nid=62KCwEMmzcM ret=0x00000008013F24A4 rdi=0x00007FFFF01FB730 rsi=0x00007FFFF01FB730 rdx=0x0000000800B68880
[INFO][Native] DirectExecutionBackend.Diagnostics.cs:230      #1886537 managed=2 guest=0x0000000000000000 nid=bt3CTBKmGyI ret=0x00000008013F24B6 rdi=0x000002365D586E40 rsi=0x0000000000001FFA rdx=0x0000000800B68880
[INFO][Native] DirectExecutionBackend.Diagnostics.cs:230      #1886538 managed=2 guest=0x0000000000000000 nid=P41kTWUS3EI ret=0x00000008013F2550 rdi=0x000002365D586E40 rsi=0x00007FFFF01FB68C rdx=0x00007FFFF01FB688
[INFO][Native] DirectExecutionBackend.Diagnostics.cs:230      #1886539 managed=2 guest=0x0000000000000000 nid=oIRFTjoILbg ret=0x00000008013F260B rdi=0x000002365D586E40 rsi=0x0000000000000001 rdx=0x00007FFFF01FB688
[INFO][Native] DirectExecutionBackend.Diagnostics.cs:230      #1886540 managed=2 guest=0x0000000000000000 nid=P41kTWUS3EI ret=0x00000008013F267F rdi=0x000002365D586E40 rsi=0x00007FFFF01FB68C rdx=0x00007FFFF01FB684
[INFO][Native] DirectExecutionBackend.Diagnostics.cs:230      #1886541 managed=2 guest=0x0000000000000000 nid=04AjkP0jO9U ret=0x000000080A821799 rdi=0x0000000603911DD0 rsi=0x0000000000000003 rdx=0x0000000000000001
[INFO][Native] DirectExecutionBackend.Diagnostics.cs:230      #1886542 managed=2 guest=0x0000000000000000 nid=9UK1vLZQft4 ret=0x0000000800A8884B rdi=0x0000000606E0C040 rsi=0x0000000000000003 rdx=0x0000000000000001
[INFO][Native] DirectExecutionBackend.Diagnostics.cs:230      #1886544 managed=2 guest=0x0000000000000000 nid=9UK1vLZQft4 ret=0x0000000800A89388 rdi=0x0000000606E0C040 rsi=0x0000000603909500 rdx=0x0000000000000000
[INFO][Native] DirectExecutionBackend.Diagnostics.cs:230      #1886546 managed=2 guest=0x0000000000000000 nid=04AjkP0jO9U ret=0x000000080A821799 rdi=0x0000000603911DD0 rsi=0x0000000000000003 rdx=0x0000000000000001
[INFO][Native] DirectExecutionBackend.Diagnostics.cs:230      #1886547 managed=2 guest=0x0000000000000000 nid=9UK1vLZQft4 ret=0x0000000800A8884B rdi=0x0000000606E0C040 rsi=0x0000000000000003 rdx=0x0000000000000001
[INFO][Native] DirectExecutionBackend.Diagnostics.cs:230      #1886549 managed=2 guest=0x0000000000000000 nid=lLMT9vJAck0 ret=0x000000080A821566 rdi=0x000000000000000F rsi=0x00007FFFF01FB730 rdx=0x0000000000000000
[INFO][Native] DirectExecutionBackend.Diagnostics.cs:230      #1886550 managed=2 guest=0x0000000000000000 nid=04AjkP0jO9U ret=0x000000080A821799 rdi=0x0000000606E0C098 rsi=0x0000000000000002 rdx=0x0000000000000000
[INFO][Native] DirectExecutionBackend.Diagnostics.cs:230      #1886553 managed=2 guest=0x0000000000000000 nid=4czppHBiriw ret=0x00000008050075FE rdi=0x0000000000000002 rsi=0x0000000000000001 rdx=0x0000000809B02670
[INFO][Native] DirectExecutionBackend.Diagnostics.cs:230      #1886554 managed=2 guest=0x0000000000000000 nid=JTvBflhYazQ ret=0x0000000805007623 rdi=0x0000000000000002 rsi=0x0000000000000001 rdx=0x0000000000000001
[INFO][Native] DirectExecutionBackend.Diagnostics.cs:230      #1886555 managed=2 guest=0x0000000000000000 nid=4czppHBiriw ret=0x0000000805007634 rdi=0x0000000000000003 rsi=0x0000000000000001 rdx=0x0000000000000001
[INFO][Native] DirectExecutionBackend.Diagnostics.cs:230      #1886558 managed=2 guest=0x0000000000000000 nid=4czppHBiriw ret=0x00000008050075FE rdi=0x0000000000000002 rsi=0x0000000000000001 rdx=0x0000000809B02670
[INFO][Native] DirectExecutionBackend.Diagnostics.cs:230      #1886559 managed=2 guest=0x0000000000000000 nid=JTvBflhYazQ ret=0x0000000805007623 rdi=0x0000000000000002 rsi=0x0000000000000001 rdx=0x0000000000000001
[INFO][Native] DirectExecutionBackend.Diagnostics.cs:230      #1886560 managed=2 guest=0x0000000000000000 nid=4czppHBiriw ret=0x0000000805007634 rdi=0x0000000000000003 rsi=0x0000000000000001 rdx=0x0000000000000001
[INFO][Native] DirectExecutionBackend.Diagnostics.cs:230      #1886563 managed=2 guest=0x0000000000000000 nid=4czppHBiriw ret=0x00000008050075FE rdi=0x0000000000000002 rsi=0x0000000000000001 rdx=0x0000000809B02670
[INFO][Native] DirectExecutionBackend.Diagnostics.cs:230      #1886564 managed=2 guest=0x0000000000000000 nid=JTvBflhYazQ ret=0x0000000805007623 rdi=0x0000000000000002 rsi=0x0000000000000001 rdx=0x0000000000000001
[INFO][Native] DirectExecutionBackend.Diagnostics.cs:230      #1886565 managed=2 guest=0x0000000000000000 nid=4czppHBiriw ret=0x0000000805007634 rdi=0x0000000000000003 rsi=0x0000000000000001 rdx=0x0000000000000001
